// Jest Snapshot v1, https://goo.gl/fbAQLP

exports[`should test ExpenseList with an empty array 1`] = `
<div>
  <p>
    No Expenses
  </p>
</div>
`;

exports[`should test ExpenseList with expense 1`] = `
<div>
  <ExpenseListItem
    amount={195}
    createdAt={0}
    description="uber"
    id="1"
    key="1"
    note=""
  />
  <ExpenseListItem
    amount={109500}
    createdAt={-345600000}
    description="Rent"
    id="2"
    key="2"
    note=""
  />
  <ExpenseListItem
    amount={100}
    createdAt={345600000}
    description="ubr"
    id="3"
    key="3"
    note=""
  />
</div>
`;
